---
source: src/diagnostic_golden_tests.rs
expression: "mode_diag(\"mode opt\\n\\nimport dict\\n\\nfn main(console: Console):\\n    var d = dict.new()\\n    let _ = d.insert(\\\"a\\\", 1)\\n    let snapshot = d\\n    d.insert(\\\"a\\\", 2)\\n    console.print(\\\"${snapshot.length()}\\\")\\n\")"
---
error: in `main` (line 9): `d` cannot satisfy the no-copy `var` contract of `dict.insert` — bound to a new name [mode opt]
  keep `d` uniquely owned: initialize it from fresh storage or a `var` parameter typed `unique`/`local unique`, and do not alias or loan it before this call
