---
source: src/diagnostic_golden_tests.rs
expression: "type_diag(\"import func\\n\\nfn main(console: Console):\\n    let s = \\\"hi\\\"\\n    console.print(s.identity())\\n\")"
---
type error: no method `identity` on `String` — `identity` is a plain function, not a method; methods come from `impl` blocks or the type's own module, so call it directly as `identity(value, …)` (or module-qualified if it lives in an imported module)
