---
source: src/diagnostic_golden_tests.rs
assertion_line: 670
expression: "trap_pair(\"\\nfn main(console: Console):\\n    console.print(\\\"${\\\"notanumber\\\".to_int()}\\\")\\n\")"
---
interp: runtime error: `main`, line 3: cannot parse `notanumber` as an Int
wasm:   runtime error: `main`, line 3: cannot parse `notanumber` as an Int
