---
source: src/diagnostic_golden_tests.rs
expression: "trap_pair(\"import string\\n\\nfn main(console: Console):\\n    console.print(__render(string.to_int(\\\"notanumber\\\")))\\n\")"
---
interp: runtime error: `main`, line 4: cannot parse `notanumber` as an Int
wasm:   runtime error: `main`, line 4: cannot parse `notanumber` as an Int
