---
source: src/diagnostic_golden_tests.rs
expression: "trap_pair(\"import list\\n\\nfn main(console: Console):\\n    let xs = [1, 2]\\n    print(console, __render(list.at(xs, 9)))\\n\")"
---
interp: runtime error: `main`, line 5: list index 9 out of bounds (length 2)
wasm:   runtime error: list index 9 out of bounds (length 2)
